---
source: crates/sgf-core/tests/common/mod.rs
expression: value
---
Added d_minerals_3 (#16777216) to planet #2
inverse: RemoveSaveDeposit { deposit: 16777216 }

--- gamestate
+++ gamestate
@@ -93554,6 +93554,7 @@
 			atmosphere_width=1
 			deposits=
 			{
+				16777216 
 			}
 		}
 		3=
@@ -1466969,7 +1466970,15 @@
 }
 deposit=
 {
-	0=none
+	16777216=
+	{
+		type="d_minerals_3"
+		deposit_holder=
+		{
+			type=0
+			id=2
+		}
+	}
 	1=none
 	2=none
 	3=none
