---
source: crates/sgf-core/tests/common/mod.rs
expression: value
---
Add anomaly asteroid_uninhabitable_category to planet #749
inverse: RemoveAnomaly { planet: 749 }

--- gamestate
+++ gamestate
@@ -130545,6 +130545,7 @@
 			planet_orbitals=
 			{
 			}
+			anomaly="asteroid_uninhabitable_category"
 			bombardment_damage=0
 			entity=2
 			surveyed_by=17
