---
source: crates/sgf-gamedata/tests/special_layouts.rs
expression: out
---
Gen at -292.23404 -137.62265 sc_k previously_terraformed_planet_system_initializer capped
belt debris_asteroid_belt 158
belt rocky_asteroid_belt 100
pc_k_star 34 orbit 40 angle 21.36 deposits ["d_energy_2"] star
  pc_continental 19 orbit 160 angle 22.36 deposits ["d_hot_springs", "d_rugged_woods", "d_tempestous_mountain", "d_toxic_kelp", "d_rugged_woods", "d_dense_jungle", "d_rushing_waterfalls", "d_prosperous_mesa", "d_rushing_waterfalls", "d_dense_jungle", "d_hot_springs", "d_rushing_waterfalls"] ring entity_name previously_terraformed_planet_entity modifiers ["previously_terraformed_planet"]
  pc_frozen 18 orbit 225 angle 270.28
    pc_frozen 10 orbit 15 angle 342.75
  pc_frozen 21 orbit 245 angle 95.7
  pc_gas_giant 22 orbit 265 angle 332.46 ring
    pc_frozen 7 orbit 15 angle 284.65
