---
source: crates/sgf-gamedata/tests/special_layouts.rs
expression: out
---
Gen at -292.23404 -137.62265 sc_pulsar special_init_09
pc_pulsar 31 orbit 0 angle 258.04 deposits ["d_engineering_3"] star
  pc_toxic 15 orbit 65 angle 125.36
  pc_barren_cold 16 orbit 85 angle 358.28
  pc_barren_cold 25 orbit 105 angle 183.7
    pc_toxic 8 orbit 15 angle 56.76 deposits ["d_trade_value_2"]
  pc_barren 15 orbit 125 angle 285.57
