---
source: crates/sgf-core/tests/common/mod.rs
expression: value
---
Moved Mihil (#455) from (100.07, -134.13) to (66.15, -136.85); updated 6 lane lengths; joined Phantom Streak Miasma
touched: [108, 164, 455, 753]
inverse: MoveSystem { id: 455, x: 100.07, y: -134.13 }
… and 3 other issues

--- gamestate
+++ gamestate
@@ -6059,6 +6059,7 @@
 	galactic_object=181
 	galactic_object=348
 	galactic_object=438
+	galactic_object=455
 	galactic_object=463
 	galactic_object=623
 }
@@ -36488,7 +36489,7 @@
  
 			{
 				to=455
-				length=22
+				length=24
 			}
  
 			{
@@ -40487,7 +40488,7 @@
  
 			{
 				to=455
-				length=21
+				length=17
 			}
  
 			{
@@ -60144,8 +60145,8 @@
 	{
 		coordinate=
 		{
-			x=100.07
-			y=-134.13
+			x=66.15
+			y=-136.85
 			origin=4294967295
 			randomized=yes
 			visual_height=3.65056
@@ -60177,23 +60178,27 @@
 		planet=5062
 		planet=5063
 		planet=5064
+		ambient_object=
+		{
+			1069 
+		}
 		star_class="sc_m"
 		hyperlane=
 		{
 			
 			{
 				to=753
-				length=23
+				length=43
 			}
  
 			{
 				to=108
-				length=22
+				length=24
 			}
  
 			{
 				to=164
-				length=21
+				length=17
 			}
  
 		}
@@ -60224,6 +60229,18 @@
 		}
 		sector=4294967295
 		index=19
+		timed_modifier=
+		{
+			items=
+			{
+				
+				{
+					modifier="nebula_cloaking"
+					days=-1
+				}
+ 
+			}
+		}
 		storm=4294967295
 	}
 	456=
@@ -80118,7 +80135,7 @@
  
 			{
 				to=455
-				length=23
+				length=43
 			}
  
 			{
@@ -1544721,6 +1544738,41 @@
 			appear_state=""
 		}
 	}
+	1069=
+	{
+		coordinate=
+		{
+			x=0
+			y=0
+			origin=455
+		}
+		data="nebula_1"
+		properties=
+		{
+			coordinate=
+			{
+				x=13.94
+				y=17.94
+				origin=455
+			}
+			attach=
+			{
+				type=10
+				id=4294967295
+			}
+			offset=
+			{
+				0 0 0 
+			}
+			scale=1
+			entity_face_object=
+			{
+				type=10
+				id=4294967295
+			}
+			appear_state=""
+		}
+	}
 }
 orbital_line=
 {
