---
source: crates/sgf-core/tests/common/mod.rs
expression: value
---
Set Phantom Streak Miasma radius to 45 (was 30); 7 systems joined
touched: [136, 166, 455, 484, 500, 577, 753]
inverse: SetNebulaRadius { index: 0, radius: 30.0 }
… and 3 other issues

--- gamestate
+++ gamestate
@@ -6052,15 +6052,22 @@
 	{
 		key="Phantom_Streak_Miasma"
 	}
-	radius=30
+	radius=45
 	galactic_object=108
+	galactic_object=136
 	galactic_object=140
 	galactic_object=164
+	galactic_object=166
 	galactic_object=181
 	galactic_object=348
 	galactic_object=438
+	galactic_object=455
 	galactic_object=463
+	galactic_object=484
+	galactic_object=500
+	galactic_object=577
 	galactic_object=623
+	galactic_object=753
 }
 nebula=
 {
@@ -38530,6 +38537,10 @@
 		planet=1952
 		planet=1953
 		planet=1954
+		ambient_object=
+		{
+			1069 
+		}
 		star_class="sc_m"
 		hyperlane=
 		{
@@ -38571,6 +38582,18 @@
 		}
 		sector=4294967295
 		index=19
+		timed_modifier=
+		{
+			items=
+			{
+				
+				{
+					modifier="nebula_cloaking"
+					days=-1
+				}
+ 
+			}
+		}
 		storm=4294967295
 	}
 	137=
@@ -40617,6 +40640,10 @@
 		planet=2239
 		planet=2240
 		planet=2241
+		ambient_object=
+		{
+			1070 
+		}
 		megastructures=
 		{
 			20 
@@ -40660,6 +40687,18 @@
 		}
 		sector=4294967295
 		index=17
+		timed_modifier=
+		{
+			items=
+			{
+				
+				{
+					modifier="nebula_cloaking"
+					days=-1
+				}
+ 
+			}
+		}
 		storm=4294967295
 	}
 	167=
@@ -60177,6 +60216,10 @@
 		planet=5062
 		planet=5063
 		planet=5064
+		ambient_object=
+		{
+			1071 
+		}
 		star_class="sc_m"
 		hyperlane=
 		{
@@ -60224,6 +60267,18 @@
 		}
 		sector=4294967295
 		index=19
+		timed_modifier=
+		{
+			items=
+			{
+				
+				{
+					modifier="nebula_cloaking"
+					days=-1
+				}
+ 
+			}
+		}
 		storm=4294967295
 	}
 	456=
@@ -62093,6 +62148,10 @@
 		planet=5351
 		planet=5352
 		planet=5353
+		ambient_object=
+		{
+			1072 
+		}
 		star_class="sc_k"
 		hyperlane=
 		{
@@ -62141,6 +62200,18 @@
 		}
 		sector=4294967295
 		index=19
+		timed_modifier=
+		{
+			items=
+			{
+				
+				{
+					modifier="nebula_cloaking"
+					days=-1
+				}
+ 
+			}
+		}
 		storm=4294967295
 	}
 	485=
@@ -63199,6 +63270,10 @@
 		planet=5521
 		planet=5522
 		planet=5523
+		ambient_object=
+		{
+			1073 
+		}
 		star_class="sc_m"
 		hyperlane=
 		{
@@ -63241,6 +63316,18 @@
 		}
 		sector=4294967295
 		index=18
+		timed_modifier=
+		{
+			items=
+			{
+				
+				{
+					modifier="nebula_cloaking"
+					days=-1
+				}
+ 
+			}
+		}
 		storm=4294967295
 	}
 	501=
@@ -68369,6 +68456,10 @@
 		planet=6234
 		planet=6235
 		planet=6236
+		ambient_object=
+		{
+			1074 
+		}
 		star_class="sc_m"
 		hyperlane=
 		{
@@ -68417,6 +68508,18 @@
 		}
 		sector=4294967295
 		index=18
+		timed_modifier=
+		{
+			items=
+			{
+				
+				{
+					modifier="nebula_cloaking"
+					days=-1
+				}
+ 
+			}
+		}
 		storm=4294967295
 	}
 	578=
@@ -80107,6 +80210,10 @@
 		planet=7969
 		planet=7970
 		planet=7971
+		ambient_object=
+		{
+			1075 
+		}
 		star_class="sc_m"
 		hyperlane=
 		{
@@ -80140,6 +80247,18 @@
 		}
 		sector=4294967295
 		index=19
+		timed_modifier=
+		{
+			items=
+			{
+				
+				{
+					modifier="nebula_cloaking"
+					days=-1
+				}
+ 
+			}
+		}
 		storm=4294967295
 	}
 	754=
@@ -1544721,6 +1544840,251 @@
 			appear_state=""
 		}
 	}
+	1069=
+	{
+		coordinate=
+		{
+			x=0
+			y=0
+			origin=136
+		}
+		data="nebula_1"
+		properties=
+		{
+			coordinate=
+			{
+				x=11.96
+				y=15.96
+				origin=136
+			}
+			attach=
+			{
+				type=10
+				id=4294967295
+			}
+			offset=
+			{
+				0 0 0 
+			}
+			scale=1
+			entity_face_object=
+			{
+				type=10
+				id=4294967295
+			}
+			appear_state=""
+		}
+	}
+	1070=
+	{
+		coordinate=
+		{
+			x=0
+			y=0
+			origin=166
+		}
+		data="nebula_1"
+		properties=
+		{
+			coordinate=
+			{
+				x=14.6
+				y=18.6
+				origin=166
+			}
+			attach=
+			{
+				type=10
+				id=4294967295
+			}
+			offset=
+			{
+				0 0 0 
+			}
+			scale=1
+			entity_face_object=
+			{
+				type=10
+				id=4294967295
+			}
+			appear_state=""
+		}
+	}
+	1071=
+	{
+		coordinate=
+		{
+			x=0
+			y=0
+			origin=455
+		}
+		data="nebula_1"
+		properties=
+		{
+			coordinate=
+			{
+				x=13.94
+				y=17.94
+				origin=455
+			}
+			attach=
+			{
+				type=10
+				id=4294967295
+			}
+			offset=
+			{
+				0 0 0 
+			}
+			scale=1
+			entity_face_object=
+			{
+				type=10
+				id=4294967295
+			}
+			appear_state=""
+		}
+	}
+	1072=
+	{
+		coordinate=
+		{
+			x=0
+			y=0
+			origin=484
+		}
+		data="nebula_1"
+		properties=
+		{
+			coordinate=
+			{
+				x=11.96
+				y=15.96
+				origin=484
+			}
+			attach=
+			{
+				type=10
+				id=4294967295
+			}
+			offset=
+			{
+				0 0 0 
+			}
+			scale=1
+			entity_face_object=
+			{
+				type=10
+				id=4294967295
+			}
+			appear_state=""
+		}
+	}
+	1073=
+	{
+		coordinate=
+		{
+			x=0
+			y=0
+			origin=500
+		}
+		data="nebula_1"
+		properties=
+		{
+			coordinate=
+			{
+				x=11.96
+				y=15.96
+				origin=500
+			}
+			attach=
+			{
+				type=10
+				id=4294967295
+			}
+			offset=
+			{
+				0 0 0 
+			}
+			scale=1
+			entity_face_object=
+			{
+				type=10
+				id=4294967295
+			}
+			appear_state=""
+		}
+	}
+	1074=
+	{
+		coordinate=
+		{
+			x=0
+			y=0
+			origin=577
+		}
+		data="nebula_1"
+		properties=
+		{
+			coordinate=
+			{
+				x=13.94
+				y=17.94
+				origin=577
+			}
+			attach=
+			{
+				type=10
+				id=4294967295
+			}
+			offset=
+			{
+				0 0 0 
+			}
+			scale=1
+			entity_face_object=
+			{
+				type=10
+				id=4294967295
+			}
+			appear_state=""
+		}
+	}
+	1075=
+	{
+		coordinate=
+		{
+			x=0
+			y=0
+			origin=753
+		}
+		data="nebula_1"
+		properties=
+		{
+			coordinate=
+			{
+				x=11.3
+				y=15.3
+				origin=753
+			}
+			attach=
+			{
+				type=10
+				id=4294967295
+			}
+			offset=
+			{
+				0 0 0 
+			}
+			scale=1
+			entity_face_object=
+			{
+				type=10
+				id=4294967295
+			}
+			appear_state=""
+		}
+	}
 }
 orbital_line=
 {
