---
source: crates/sgf-core/tests/ops_scenario_systems.rs
expression: "report(&session, &result)"
---
Renamed system 3018 from "Iridonia" to "NAME_Iridonia"
touched: [3018]
inverse: SetSystemName { id: 3018, name: "Iridonia" }
… and 2 other issues

--- scenario
+++ scenario
@@ -40,7 +40,7 @@
 	# a multi-line system with an effect block
 	system = {
 		id = "3018"
-		name = "Iridonia"
+		name = "NAME_Iridonia"
 		position = { x = 40 y = 75 }
 		initializer = random_empire_init_01
 		spawn_weight = { base = 1 }
