---
source: crates/sgf-core/tests/ops_spawn_reserve.rs
expression: "report(&session, &result)"
---
Reserved system 3018 for a human player
inverse: SetSpawnReservation { id: 3018, reserve: None }

--- scenario
+++ scenario
@@ -43,7 +43,7 @@
 		name = "Iridonia"
 		position = { x = 40 y = 75 }
 		initializer = random_empire_init_01
-		spawn_weight = { base = 1 }
+		spawn_weight = { base = 1 modifier = { factor = 0 is_ai = yes } }
 		effect = {
 			log = "Success system [This.GetName]"
 		}
