---
source: crates/sgf-core/tests/common/mod.rs
assertion_line: 212
expression: value
---
{"kind":"fleet","id":242,"name":{"key":"NAME_Ether_Drake","literal":false,"variables":[]},"name_key":"NAME_Ether_Drake","system_id":74,"owner":{"key":"NAME_Voidwyrm","literal":false,"variables":[]},"country_type":null,"system_count":null,"planet_class":null,"position":[8.92,-241.24],"matched_on":null}
