---
source: crates/sgf-core/tests/common/mod.rs
assertion_line: 212
expression: value
---
{"kind":"system","id":17,"name":{"key":"Ponnell","literal":false,"variables":[]},"name_key":"Ponnell","system_id":17,"owner":null,"country_type":null,"system_count":null,"planet_class":null,"position":[-30.52,-300.86],"matched_on":"salvager_enclave_init_01"}
{"kind":"system","id":57,"name":{"key":"Ter_Meku_Black_Hole","literal":false,"variables":[]},"name_key":"Ter_Meku_Black_Hole","system_id":57,"owner":null,"country_type":null,"system_count":null,"planet_class":null,"position":[-154.95,225.37],"matched_on":"salvager_enclave_init_03"}
{"kind":"system","id":90,"name":{"key":"Soejiemia","literal":false,"variables":[]},"name_key":"Soejiemia","system_id":90,"owner":null,"country_type":null,"system_count":null,"planet_class":null,"position":[48.44,253.08],"matched_on":"salvager_enclave_init_02"}
