---
source: crates/sgf-core/tests/entity.rs
expression: report(&view)
---
country 0 at []
label: EMPIRE_DESIGN_humans1
bytes: 89103 dirty: false span: 6649701..6738804
  save_on_death = Int 1 @8..23
  custom_name = Bool yes @26..41
  has_advisor = Bool no @44..58
  initialized = Bool yes @61..76
  flag = block[3] @79..302
  name = block[1] @305..349
  name.key = Quoted EMPIRE_DESIGN_humans1 @318..345
  adjective = block[1] @352..409
  adjective.key = Quoted PRESCRIPTED_adjective_humans1 @370..405
  tech_status = block[79] @412..4296
  timeline_events = list[9] @4299..5089
  last_date_was_human = Date 0.01.01 @5092..5123
  last_date_war_lost = Date 0.01.01 @5126..5156
  last_date_at_war = Date 2200.01.01 @5159..5190
  budget = block[5] @5193..18608
  budget.current_month_commercial_pacts = Int 0 @18123..18155
  budget.last_month_commercial_pacts = Int 0 @18159..18188
  tracking = block[1] @18611..18650
  events = block[2] @18653..19756
  terra_incognita = block[3] @19759..20008
  terra_incognita.size = Int 256 @19783..19791
  military_power = Decimal 190.12500 @20011..20035
  economy_power = Decimal 416.72879 @20038..20061
  victory_rank = Int 20 @20064..20079
  victory_score = Decimal 660.00379 @20082..20105
  tech_power = Decimal 297.50000 @20108..20128
  fleet_size = Int 15 @20131..20144
  used_naval_capacity = Int 15 @20147..20169
  empire_size = Int 51 @20172..20186
  new_colonies = Int 0 @20189..20203
  num_sapient_pops = Int 5445 @20206..20227
  navy_coverage = Decimal 0.58823 @20230..20251
  graphical_culture = Quoted humanoid_01 @20254..20285
  city_graphical_culture = Quoted humanoid_01 @20288..20324
  room = Quoted personality_federation_builders_room @20327..20370
  ai = block[704] @20373..70365
  capital = Int 0 @70368..70377
  founder_species_ref = Int 2868903937 @70380..70410
  ethos = block[2] @70413..70491
  ethos.ethic.1 = Quoted ethic_fanatic_egalitarian @70427..70460
  ethos.ethic.2 = Quoted ethic_xenophile @70464..70487
  fleet_template_manager = block[1] @70494..70561
  government = block[9] @70564..71054
  personality = Quoted federation_builders @71057..71090
  next_election = Date 2210.01.01 @71093..71121
  government_date = Date 2220.07.21 @71124..71154
  surveyed_deposit_holders = list[30] @71157..72180
  homeworld_name = block[1] @72183..72226
  homeworld_name.key = Quoted NAME_Earth @72206..72222
  visited_objects = list[5] @72229..72277
  intel_level = list[791] @72280..73886
  highest_intel_level = list[791] @73889..75503
  default_planet_automation_settings = list[13] @75506..76051
  timed_modifier = block[1] @76054..76158
  flags = block[23] @76161..76950
  variables = block[17] @76953..77424
  trade_conversions = block[2] @77427..77480
  trade_conversions.energy = Decimal 0.5 @77453..77463
  trade_conversions.trade = Decimal 0.5 @77467..77476
  sensor_range_fleets = list[9] @77483..77543
  faction = block[1] @77546..77595
  faction.aggro_range_measure_from = Ident self @77562..77591
  name_list = Quoted HUMAN1 @77598..77616
  ship_names = block[5] @77619..77771
  ship_names.HUMAN1_SHIP_Earhart = Int 1 @77638..77661
  ship_names.HUMAN1_SHIP_Ganges = Int 1 @77665..77687
  ship_names.HUMAN1_SHIP_Matador = Int 1 @77691..77714
  ship_names.HUMAN1_SHIP_Caldwell = Int 1 @77718..77742
  ship_names.HUMAN1_SHIP_Raven = Int 1 @77746..77767
  ruler = Int 671088662 @77774..77789
  control_groups = block[4] @77792..78035
  ship_prefix = block[1] @78038..78099
  ship_prefix.key = Quoted PRESCRIPTED_ship_prefix_humans1 @78058..78095
  active_policies = list[15] @78102..79371
  policy_flags = list[13] @79374..79781
  starting_system = Int 217 @79784..79803
  owned_leaders = list[7] @79806..79896
  tradition_categories = list[1] @79899..79956
  traditions = list[3] @79959..80091
  owned_armies = list[5] @80094..80134
  owned_planets = list[1] @80137..80165
  controlled_colonies = list[1] @80168..80202
  controlled_planets = list[6] @80205..80252
  ship_design_collection = block[1] @80255..80407
  type = Quoted default @80410..80424
  modules = block[10] @80427..86528
  espionage_manager = list[0] @86531..86557
  intel_manager = list[0] @86560..86582
  fleets_manager = block[1] @86585..86893
  customization = Quoted default @86896..86919
  last_changed_country_type = Date 2200.01.01 @86922..86962
  hyperlane_systems = list[9] @86965..87030
  sectors = block[1] @87033..87076
  given_value = Int 0 @87079..87092
  starbase_capacity_used = Int 1 @87095..87119
  starbase_capacity = Int 3 @87122..87141
  employable_pops = Int 5445 @87144..87164
  owned_species_refs = list[1] @87167..87209
  first_contact = list[0] @87212..87234
  astral_actions_usage_states_array = block[16] @87237..88150
  fog_machine = list[0] @88153..88173
  num_cosmic_storms_encountered = Int 0 @88176..88207
  focus = block[4] @88210..88949
  focus.next_dismiss_date = Date 0.01.01 @88272..88302
  last_picked_tradition = Quoted tr_adaptability_appropriation @88952..89005
  last_completed_special_project = Quoted  @89008..89041
  last_nb_species = Int 1 @89044..89061
  waystation_networks_manager = list[0] @89064..89100
