---
source: crates/sgf-core/tests/ops_prevent.rs
expression: "report(&session, &result)"
---
Prevented lane 2 <-> 9
touched: [2, 9]
inverse: UnpreventLane { a: 2, b: 9 }
warning system_isolated: system 9 has no hyperlanes
… and 1 other issues

--- scenario
+++ scenario
@@ -64,4 +64,5 @@
 
 	nebula = { name = "NAME_N_Heart_Galaxy" position = { x = 0 y = 0 } radius = 60 }
 	nebula = { name = "Far Cloud" position = { x = -90 y = 90 } radius = 20 }
+	prevent_hyperlane = { from = "2" to = "9" }
 }
