---
source: crates/sgf-gamedata/tests/prepare.rs
expression: out
---
Prepared 4 systems for a new game
SetInitializer: 4
-system = { id = "140" name = "SPEC_Tharbarite_system" position = { x = 259.3 y = 174.5 } initializer = protoplanetary_nomad_init }
+system = { id = "140" name = "SPEC_Tharbarite_system" position = { x = 259.3 y = 174.5 } initializer = painted_galaxy_rl_basic }
-system = { id = "216" name = "SPEC_Kazam_system" position = { x = 87.53 y = -288.04 } initializer = neutron_star_nomad_init }
+system = { id = "216" name = "SPEC_Kazam_system" position = { x = 87.53 y = -288.04 } initializer = painted_galaxy_rl_basic }
-system = { id = "590" name = "Athyorix" position = { x = -104.48846 y = 303.7334 } initializer = distar_sealed_1_1 effect = { set_star_flag = painted_galaxy_wormhole_6 set_star_flag = empire_cluster } }
+system = { id = "590" name = "Athyorix" position = { x = -104.48846 y = 303.7334 } initializer = painted_galaxy_rl_basic effect = { set_star_flag = painted_galaxy_wormhole_6 set_star_flag = empire_cluster } }
-system = { id = "591" name = "Scheat" position = { x = -92.22811 y = 327.79064 } initializer = distar_sealed_1_2 effect = { set_star_flag = painted_galaxy_wormhole_6 set_star_flag = empire_cluster } }
+system = { id = "591" name = "Scheat" position = { x = -92.22811 y = 327.79064 } initializer = painted_galaxy_rl_basic effect = { set_star_flag = painted_galaxy_wormhole_6 set_star_flag = empire_cluster } }
