---
source: crates/sgf-core/tests/ops_scenario_positions.rs
expression: "report(&session, &result)"
---
Removed nebula "Far Cloud" (1 system released)
touched: [9]
inverse: AddNebula { x: -90.0, y: 90.0, radius: 20.0, name: Some("Far Cloud") }
warning system_isolated: system 9 has no hyperlanes
… and 1 other issues

--- scenario
+++ scenario
@@ -63,5 +63,4 @@
 	add_hyperlane = { from = "512" to = "888" }
 
 	nebula = { name = "NAME_N_Heart_Galaxy" position = { x = 0 y = 0 } radius = 60 }
-	nebula = { name = "Far Cloud" position = { x = -90 y = 90 } radius = 20 }
 }
