---
source: crates/sgf-core/tests/common/mod.rs
expression: value
---
Made planet #330 a planet of star #327, with its moon #331; set the inner radius of system #278 from 330 to 360.02
inverse: Batch { description: "Undo of \"Made planet #330 a planet of star #327, with its moon #331; set the inner radius of system #278 from 330 to 360.02\"", ops: [SetSaveBodyParent { system: 278, body: 330, parent: None, star: false, radius: 45.196947089, angle: 89.582989244 }, SetSaveInnerRadius { system: 278, radius: 330.0 }] }

--- gamestate
+++ gamestate
@@ -48387,8 +48387,8 @@
 		}
 		initializer="sol_neighbor_t1_first_colony"
 		init_parent=217
-		inner_radius=330
-		outer_radius=430
+		inner_radius=360.01992
+		outer_radius=460.01992
 		starbases=
 		{
 			4294967295 
@@ -107968,7 +107968,7 @@
 			last_bombardment=			"0.01.01"
 			moons=
 			{
-				328 329 
+				328 329 330 
 			}
 			planet_orbitals=
 			{
@@ -108078,12 +108078,13 @@
 			}
 			coordinate=
 			{
-				x=0.32895
-				y=45.19575
+				x=232.42069
+				y=-138.7008
 				origin=278
 			}
-			orbit=45
+			orbit=90
 			last_bombardment=			"0.01.01"
+			moon_of=327
 			moons=
 			{
 				331 
@@ -108149,8 +108150,8 @@
 			binary_flags=576
 			coordinate=
 			{
-				x=6.50535
-				y=31.5186
+				x=238.59709
+				y=-152.37795
 				origin=278
 			}
 			orbit=15
