---
source: crates/sgf-core/tests/common/mod.rs
assertion_line: 223
expression: value
---
Added a rocky_asteroid_belt belt at radius 500 to system #15
inverse: RemoveSaveBelt { system: 15, index: 0 }

--- gamestate
+++ gamestate
@@ -29994,6 +29994,15 @@
 			}
  
 		}
+		asteroid_belts=
+		{
+			
+			{
+				type="rocky_asteroid_belt"
+				inner_radius=500
+			}
+ 
+		}
 		discovery=
 		{
 			16777218
